Equipment: Home, Mean efficiency: 0.65%, Total volume: 30.0 L, trub losses: 2.0 L, loss/hour: 5.0%
