Hop: Hallertau Mittlefruer
Hop: Fuggles
Hop: Simcoe
