Hop: Hallertau Mittlefruer, AA: 4.11, quantity: 40.0 g, use: Boil, time: 3600.0 s
Hop: Fuggles, AA: 5.5, quantity: 28.35 g, use: Boil, time: 3600.0 s
Hop: Simcoe, AA: 15.4, quantity: 50.0 g, use: Boil, time: 3600.0 s
