Recipe Pumpkin Ale, volume: 22.0 L, mash_temperature: 66.7 °C, mash_time: 3600.0 s
Equipment: Home, Mean efficiency: 0.65%, Total volume: 30.0 L, trub losses: 2.0 L, loss/hour: 5.0%
Yeast Safale, S-05
Malts:
Fermentable: Grain: Two-Row, potential: 1.038 SG, colour: 2.0 SRM, quantity: 4500.0 g
Fermentable: Grain: Crystal 40, potential: 1.037 SG, colour: 40.0 SRM, quantity: 500.0 g
Fermentable: Adjunct: Pumpkin, potential: 1.0 SG, colour: 0.0 SRM, quantity: 2267.962 g
Fermentable: Adjunct: Cinnamon, potential: 1.0 SG, colour: 0.0 SRM, quantity: 1.5 g
Fermentable: Adjunct: Cloves, potential: 1.0 SG, colour: 0.0 SRM, quantity: 0.5 g
Fermentable: Adjunct: Ginger, potential: 1.0 SG, colour: 0.0 SRM, quantity: 0.5 g
Fermentable: Adjunct: Nutmeg, potential: 1.0 SG, colour: 0.0 SRM, quantity: 0.5 g
Hops:
Hop: Hallertau Mittlefruer, AA: 4.11, quantity: 40.0 g, use: Boil, time: 3600.0 s

Recipe Rooibeer, volume: 22.0 L, mash_temperature: 66.7 °C, mash_time: 3600.0 s
Equipment: Home, Mean efficiency: 0.65%, Total volume: 30.0 L, trub losses: 2.0 L, loss/hour: 5.0%
Yeast White Labs, WLP400; Aliases: Belgian Wit Ale Yeast
Malts:
Fermentable: Grain: Two-Row, potential: 1.038 SG, colour: 2.0 SRM, quantity: 2500.0 g
Fermentable: Grain: Flaked Oats, potential: 1.037 SG, colour: 1.0 SRM, quantity: 250.0 g
Fermentable: Grain: Flaked Wheat, potential: 1.035 SG, colour: 1.6 SRM, quantity: 1250.0 g
Fermentable: Grain: Wheat Malt, potential: 1.036 SG, colour: 2.0 SRM, quantity: 1500.0 g
Fermentable: Adjunct: Rice Hulls, potential: 1.0 SG, colour: 0.0 SRM, quantity: 400.0 g
Fermentable: Adjunct: Hibiscus/Berries Tisane, potential: 1.0 SG, colour: 0.0 SRM, quantity: 200.0 g
Hops:
Hop: Fuggles, AA: 5.5, quantity: 28.35 g, use: Boil, time: 3600.0 s

Recipe Winter Stout, volume: 22.0 L, mash_temperature: 69.0 °C, mash_time: 3600.0 s
Equipment: Home, Mean efficiency: 0.65%, Total volume: 30.0 L, trub losses: 2.0 L, loss/hour: 5.0%
Yeast White Labs, WLP013; Aliases: London Ale Yeast
Malts:
Fermentable: Grain: Two Row, potential: 1.037 SG, colour: 1.981 SRM, quantity: 5600.0 g
Fermentable: Extract: Light liquid extract, potential: 1.034 SG, colour: 1.981 SRM, quantity: 1500.0 g
Fermentable: Grain: Crystal 120, potential: 1.034 SG, colour: 120.0 SRM, quantity: 350.0 g
Fermentable: Grain: Roasted Barley, potential: 1.029 SG, colour: 400.0 SRM, quantity: 250.0 g
Fermentable: Grain: Chocolate Malt, potential: 1.03 SG, colour: 300.0 SRM, quantity: 900.0 g
Fermentable: Adjunct: Star Anise, potential: 1.0 SG, colour: 0.0 SRM, quantity: 30.0 g
Hops:
Hop: Simcoe, AA: 15.4, quantity: 50.0 g, use: Boil, time: 3600.0 s

