Yeast Safale, S-05
Yeast White Labs, WLP400; Aliases: Belgian Wit Ale Yeast
Yeast White Labs, WLP013; Aliases: London Ale Yeast
